C04-breadth: 1445 candidates, 459 to polish
0 squ-in-squ/n16/pc/B1/default/s19 ok 8.1s
25 cir-in-squ/n17/grow/B1/default/s1 ok 1.7s
50 tri-in-tri/n17/grow/B1/default/s2 ok 7.2s
75 squ-in-squ/n18/harden/B1/default/s28 ok 3.2s
100 cir-in-squ/n19/rigid/B1/default/s2 ok 2.1s
125 squ-in-tri/n19/rigid/B1/default/s32 ok 4.8s
150 hex-in-squ/n20/rigid/B1/default/s4 ok 32.5s
175 tri-in-squ/n20/rigid/B1/default/s19 ok 11.4s
200 squ-in-squ/n21/rigid/B1/default/s1 ok 4.0s
225 squ-in-cir/n22/rigid/B1/default/s21 ok 6.5s
250 tri-in-tri/n22/rigid/B1/default/s28 ok 22.3s
275 tri-in-squ/n23/grow/B1/default/s15 ok 24.5s
300 squ-in-squ/n24/grow/B1/default/s12 ok 9.3s
325 cir-in-squ/n25/harden/B1/default/s9 ok 0.5s
350 tri-in-squ/n25/rigid/B1/default/s32 ok 22.8s
375 squ-in-cir/n27/harden/B1/default/s2 ok 89.8s
400 squ-in-tri/n28/harden/B1/default/s12 ok 13.6s
425 squ-in-tri/n29/harden/B1/default/s27 ok 3.6s
450 squ-in-squ/n30/pc/B1/default/s22 ok 470.4s
