C07-breadth-best: 1653 candidates, 1653 to polish
0 cir-in-squ/n2/grow-best/B1/default/s3 ok 0.0s
25 hex-in-squ/n2/sa-best/B1/default/s21 ok 0.0s
50 squ-in-squ/n2/rigid-best/B1/default/s3 ok 0.0s
75 tri-in-squ/n2/rigid-best/B1/default/s20 ok 0.0s
100 hex-in-squ/n3/grow-best/B1/default/s28 ok 0.0s
125 squ-in-squ/n3/grow-best/B1/default/s8 ok 0.3s
150 tri-in-squ/n3/pc-best/B1/default/s2 ok 0.5s
175 cir-in-squ/n4/rigid-best/B1/default/s3 ok 0.0s
200 squ-in-cir/n4/rigid-best/B1/default/s14 ok 0.1s
225 squ-in-tri/n4/sa-best/B1/default/s21 ok 0.1s
250 cir-in-squ/n5/grow-best/B1/default/s6 ok 0.0s
275 squ-in-squ/n5/pc-best/B1/default/s13 ok 0.1s
300 tri-in-tri/n5/harden-best/B1/default/s14 ok 0.3s
325 hex-in-squ/n6/rigid-best/B1/default/s3 ok 0.8s
350 squ-in-squ/n6/sa-best/B1/default/s29 ok 0.1s
375 cir-in-squ/n7/harden-best/B1/default/s9 ok 0.0s
400 squ-in-cir/n7/grow-best/B1/default/s25 ok 0.1s
425 squ-in-tri/n7/grow-best/B1/default/s11 ok 0.3s
450 tri-in-tri/n7/grow-best/B1/default/s3 ok 1.1s
475 hex-in-squ/n8/harden-best/B1/default/s1 ok 0.2s
500 squ-in-tri/n8/rigid-best/B1/default/s18 ok 0.3s
525 cir-in-squ/n9/grow-best/B1/default/s5 ok 0.0s
550 squ-in-cir/n9/grow-best/B1/default/s17 ok 0.2s
575 squ-in-squ/n9/sa-best/B1/default/s18 ok 3.6s
600 tri-in-tri/n9/sa-best/B1/default/s17 ok 3.1s
625 squ-in-cir/n10/sa-best/B1/default/s32 ok 0.3s
650 tri-in-tri/n10/grow-best/B1/default/s30 ok 0.7s
675 hex-in-squ/n11/sa-best/B1/default/s18 ok 4.6s
700 squ-in-tri/n11/rigid-best/B1/default/s25 ok 0.6s
725 cir-in-squ/n12/sa-best/B1/default/s20 ok 0.6s
750 squ-in-squ/n12/harden-best/B1/default/s18 ok 1.8s
775 cir-in-squ/n13/grow-best/B1/default/s21 ok 0.2s
800 squ-in-cir/n13/harden-best/B1/default/s32 ok 1.2s
825 squ-in-tri/n13/rigid-best/B1/default/s8 ok 1.8s
850 hex-in-squ/n14/harden-best/B1/default/s18 ok 1.4s
875 squ-in-squ/n14/sa-best/B1/default/s15 ok 2.3s
900 tri-in-tri/n14/rigid-best/B1/default/s11 ok 1.3s
925 hex-in-squ/n15/harden-best/B1/default/s29 ok 3.3s
950 squ-in-squ/n15/rigid-best/B1/default/s19 ok 3.0s
975 tri-in-tri/n15/harden-best/B1/default/s24 ok 4.3s
1000 hex-in-squ/n16/pc-best/B1/default/s23 ok 9.1s
1025 squ-in-tri/n16/harden-best/B1/default/s29 ok 0.9s
1050 cir-in-squ/n17/grow-best/B1/default/s9 ok 2.0s
1075 squ-in-tri/n17/sa-best/B1/default/s22 ok 0.9s
1100 hex-in-squ/n18/harden-best/B1/default/s23 ok 9.5s
1125 squ-in-tri/n18/harden-best/B1/default/s16 ok 1.1s
1150 cir-in-squ/n19/rigid-best/B1/default/s32 ok 1.6s
1175 squ-in-tri/n19/grow-best/B1/default/s4 ok 2.6s
1200 cir-in-squ/n20/rigid-best/B1/default/s18 ok 0.5s
1225 squ-in-squ/n20/harden-best/B1/default/s9 ok 2.9s
1250 tri-in-tri/n20/rigid-best/B1/default/s6 ok 8.4s
1275 squ-in-squ/n21/harden-best/B1/default/s20 ok 4.4s
1300 cir-in-squ/n22/grow-best/B1/default/s1 ok 0.8s
1325 squ-in-squ/n22/sa-best/B1/default/s15 ok 6.4s
1350 tri-in-tri/n22/sa-best/B1/default/s27 ok 5.9s
1375 squ-in-tri/n23/rigid-best/B1/default/s27 ok 1.8s
1400 squ-in-cir/n24/harden-best/B1/default/s16 ok 9.9s
1425 tri-in-squ/n24/sa-best/B1/default/s1 ok 114.6s
1450 squ-in-cir/n25/harden-best/B1/default/s2 ok 125.2s
1475 tri-in-tri/n25/grow-best/B1/default/s10 ok 89.9s
1500 tri-in-squ/n26/harden-best/B1/default/s15 ok 92.1s
1525 squ-in-tri/n27/rigid-best/B1/default/s32 ok 26.5s
1550 squ-in-cir/n28/grow-best/B1/default/s15 ok 186.9s
1575 cir-in-squ/n29/harden-best/B1/default/s19 ok 3.3s
1600 squ-in-tri/n29/sa-best/B1/default/s26 ok 10.2s
1625 squ-in-cir/n30/harden-best/B1/default/s29 ok 28.1s
1650 tri-in-tri/n30/harden-best/B1/default/s32 ok 41.0s
